---
source: needle/src/audio/analyzer.rs
expression: data
---
[
    FrameHashes {
        hash_period: 0.3,
        hash_duration: 3.0,
        data: [
            (
                1483753020,
                3.004081566s,
            ),
            (
                1483793964,
                3.308843464s,
            ),
            (
                1490077228,
                3.613605362s,
            ),
            (
                1480607276,
                3.91836726s,
            ),
            (
                1497419308,
                4.201360451s,
            ),
            (
                2034288173,
                4.506122349s,
            ),
            (
                2030102060,
                4.810884247s,
            ),
            (
                2030104172,
                5.115646145s,
            ),
        ],
        video_size: 2848208,
    },
    FrameHashes {
        hash_period: 0.3,
        hash_duration: 3.0,
        data: [
            (
                2063818605,
                3.013786793s,
            ),
            (
                2063719791,
                3.317188148s,
            ),
            (
                2063648239,
                3.600362746s,
            ),
            (
                2063662575,
                3.903764101s,
            ),
            (
                2063662574,
                4.207165456s,
            ),
        ],
        video_size: 2848248,
    },
]
